                  target state_minus  daily_mean  week_low  week_high
               4h_return      direct    0.015622  0.010116   0.021531
               4h_return  background   -0.004255 -0.006337  -0.002067
              24h_return      direct    0.010355  0.000321   0.020550
              24h_return  background   -0.002729 -0.005261  -0.000279
                  4h_vol      direct    0.082036  0.072992   0.090390
                  4h_vol  background   -0.024398 -0.030189  -0.018202
validation_split_vs_root        root   -0.000599 -0.001005  -0.000220
 state  rows  days  mean_market_residual_bp  bonferroni_week_low_bp  bonferroni_week_high_bp  largest_symbol_share  mean_raw_4h_bp
     1 24537   235                 0.244475               -1.450934                 1.844520              0.090924       -4.545789
     3 34864   235                -0.424385               -2.293935                 1.447649              0.091412       -2.686852
     5 30949   235                 1.223246               -0.971089                 3.616286              0.087143        4.825235
     7 31165   234                 0.649964               -1.990091                 4.078126              0.089716        2.786360
   100 10439   234                -0.329578               -3.597658                 3.400051              0.101638       -5.881010
   101 10153   235                -0.036657               -3.640433                 3.207531              0.097508       -4.077635
   104 16137   231                -0.823866               -3.805989                 2.076661              0.098283        1.588243
   105 14994   235                -0.040908               -1.830376                 2.077277              0.096172        3.107789
   108 17154   235                -1.954798               -4.017752                -0.182855              0.097761       -4.159403
   109 15960   234                 0.482757               -2.480326                 3.636856              0.099561        5.914391
   112 14677   235                 0.168066               -2.545508                 3.006189              0.094774       -2.070366
   113 11217   233                -0.195308               -3.224264                 2.893278              0.101275        0.200299
