Leg interpretation ADAUSDT trend24
Leg interpretation ADAUSDT trend72
Leg interpretation ADAUSDT trend168
Leg interpretation ADAUSDT trend336
Leg interpretation ADAUSDT trend_ensemble
Leg interpretation ADAUSDT breakout
Leg interpretation ADAUSDT range_only
Leg interpretation ADAUSDT down_rebound
Leg interpretation ADAUSDT selected_trend
Leg interpretation ADAUSDT selected_breakout
Leg interpretation ADAUSDT regime_gate
Leg interpretation ADAUSDT gate_no_range
Leg interpretation ADAUSDT adaptive14
Leg interpretation ADAUSDT adaptive42
Leg interpretation ADAUSDT adaptive126
Leg interpretation ADAUSDT filtered_moe
Leg interpretation ADAUSDT kalman
Leg interpretation ADAUSDT trend_ensemble_long
Leg interpretation ADAUSDT regime_gate_long
Leg interpretation ADAUSDT expanding_tree
Leg interpretation ADAUSDT rolling_tree
Leg interpretation ADAUSDT action_tcn
Leg interpretation ADAUSDT vol_long
Leg interpretation ADAUSDT hold
Leg interpretation AVAXUSDT trend24
Leg interpretation AVAXUSDT trend72
Leg interpretation AVAXUSDT trend168
Leg interpretation AVAXUSDT trend336
Leg interpretation AVAXUSDT trend_ensemble
Leg interpretation AVAXUSDT breakout
Leg interpretation AVAXUSDT range_only
Leg interpretation AVAXUSDT down_rebound
Leg interpretation AVAXUSDT selected_trend
Leg interpretation AVAXUSDT selected_breakout
Leg interpretation AVAXUSDT regime_gate
Leg interpretation AVAXUSDT gate_no_range
Leg interpretation AVAXUSDT adaptive14
Leg interpretation AVAXUSDT adaptive42
Leg interpretation AVAXUSDT adaptive126
Leg interpretation AVAXUSDT filtered_moe
Leg interpretation AVAXUSDT kalman
Leg interpretation AVAXUSDT trend_ensemble_long
Leg interpretation AVAXUSDT regime_gate_long
Leg interpretation AVAXUSDT expanding_tree
Leg interpretation AVAXUSDT rolling_tree
Leg interpretation AVAXUSDT action_tcn
Leg interpretation AVAXUSDT vol_long
Leg interpretation AVAXUSDT hold
Leg interpretation BCHUSDT trend24
Leg interpretation BCHUSDT trend72
Leg interpretation BCHUSDT trend168
Leg interpretation BCHUSDT trend336
Leg interpretation BCHUSDT trend_ensemble
Leg interpretation BCHUSDT breakout
Leg interpretation BCHUSDT range_only
Leg interpretation BCHUSDT down_rebound
Leg interpretation BCHUSDT selected_trend
Leg interpretation BCHUSDT selected_breakout
Leg interpretation BCHUSDT regime_gate
Leg interpretation BCHUSDT gate_no_range
Leg interpretation BCHUSDT adaptive14
Leg interpretation BCHUSDT adaptive42
Leg interpretation BCHUSDT adaptive126
Leg interpretation BCHUSDT filtered_moe
Leg interpretation BCHUSDT kalman
Leg interpretation BCHUSDT trend_ensemble_long
Leg interpretation BCHUSDT regime_gate_long
Leg interpretation BCHUSDT expanding_tree
Leg interpretation BCHUSDT rolling_tree
Leg interpretation BCHUSDT action_tcn
Leg interpretation BCHUSDT vol_long
Leg interpretation BCHUSDT hold
Leg interpretation BNBUSDT trend24
Leg interpretation BNBUSDT trend72
Leg interpretation BNBUSDT trend168
Leg interpretation BNBUSDT trend336
Leg interpretation BNBUSDT trend_ensemble
Leg interpretation BNBUSDT breakout
Leg interpretation BNBUSDT range_only
Leg interpretation BNBUSDT down_rebound
Leg interpretation BNBUSDT selected_trend
Leg interpretation BNBUSDT selected_breakout
Leg interpretation BNBUSDT regime_gate
Leg interpretation BNBUSDT gate_no_range
Leg interpretation BNBUSDT adaptive14
Leg interpretation BNBUSDT adaptive42
Leg interpretation BNBUSDT adaptive126
Leg interpretation BNBUSDT filtered_moe
Leg interpretation BNBUSDT kalman
Leg interpretation BNBUSDT trend_ensemble_long
Leg interpretation BNBUSDT regime_gate_long
Leg interpretation BNBUSDT expanding_tree
Leg interpretation BNBUSDT rolling_tree
Leg interpretation BNBUSDT action_tcn
Leg interpretation BNBUSDT vol_long
Leg interpretation BNBUSDT hold
Leg interpretation BTCUSDT trend24
Leg interpretation BTCUSDT trend72
Leg interpretation BTCUSDT trend168
Leg interpretation BTCUSDT trend336
Leg interpretation BTCUSDT trend_ensemble
Leg interpretation BTCUSDT breakout
Leg interpretation BTCUSDT range_only
Leg interpretation BTCUSDT down_rebound
Leg interpretation BTCUSDT selected_trend
Leg interpretation BTCUSDT selected_breakout
Leg interpretation BTCUSDT regime_gate
Leg interpretation BTCUSDT gate_no_range
Leg interpretation BTCUSDT adaptive14
Leg interpretation BTCUSDT adaptive42
Leg interpretation BTCUSDT adaptive126
Leg interpretation BTCUSDT filtered_moe
Leg interpretation BTCUSDT kalman
Leg interpretation BTCUSDT trend_ensemble_long
Leg interpretation BTCUSDT regime_gate_long
Leg interpretation BTCUSDT expanding_tree
Leg interpretation BTCUSDT rolling_tree
Leg interpretation BTCUSDT action_tcn
Leg interpretation BTCUSDT vol_long
Leg interpretation BTCUSDT hold
Leg interpretation DOGEUSDT trend24
Leg interpretation DOGEUSDT trend72
Leg interpretation DOGEUSDT trend168
Leg interpretation DOGEUSDT trend336
Leg interpretation DOGEUSDT trend_ensemble
Leg interpretation DOGEUSDT breakout
Leg interpretation DOGEUSDT range_only
Leg interpretation DOGEUSDT down_rebound
Leg interpretation DOGEUSDT selected_trend
Leg interpretation DOGEUSDT selected_breakout
Leg interpretation DOGEUSDT regime_gate
Leg interpretation DOGEUSDT gate_no_range
Leg interpretation DOGEUSDT adaptive14
Leg interpretation DOGEUSDT adaptive42
Leg interpretation DOGEUSDT adaptive126
Leg interpretation DOGEUSDT filtered_moe
Leg interpretation DOGEUSDT kalman
Leg interpretation DOGEUSDT trend_ensemble_long
Leg interpretation DOGEUSDT regime_gate_long
Leg interpretation DOGEUSDT expanding_tree
Leg interpretation DOGEUSDT rolling_tree
Leg interpretation DOGEUSDT action_tcn
Leg interpretation DOGEUSDT vol_long
Leg interpretation DOGEUSDT hold
Leg interpretation ETHUSDT trend24
Leg interpretation ETHUSDT trend72
Leg interpretation ETHUSDT trend168
Leg interpretation ETHUSDT trend336
Leg interpretation ETHUSDT trend_ensemble
Leg interpretation ETHUSDT breakout
Leg interpretation ETHUSDT range_only
Leg interpretation ETHUSDT down_rebound
Leg interpretation ETHUSDT selected_trend
Leg interpretation ETHUSDT selected_breakout
Leg interpretation ETHUSDT regime_gate
Leg interpretation ETHUSDT gate_no_range
Leg interpretation ETHUSDT adaptive14
Leg interpretation ETHUSDT adaptive42
Leg interpretation ETHUSDT adaptive126
Leg interpretation ETHUSDT filtered_moe
Leg interpretation ETHUSDT kalman
Leg interpretation ETHUSDT trend_ensemble_long
Leg interpretation ETHUSDT regime_gate_long
Leg interpretation ETHUSDT expanding_tree
Leg interpretation ETHUSDT rolling_tree
Leg interpretation ETHUSDT action_tcn
Leg interpretation ETHUSDT vol_long
Leg interpretation ETHUSDT hold
Leg interpretation LINKUSDT trend24
Leg interpretation LINKUSDT trend72
Leg interpretation LINKUSDT trend168
Leg interpretation LINKUSDT trend336
Leg interpretation LINKUSDT trend_ensemble
Leg interpretation LINKUSDT breakout
Leg interpretation LINKUSDT range_only
Leg interpretation LINKUSDT down_rebound
Leg interpretation LINKUSDT selected_trend
Leg interpretation LINKUSDT selected_breakout
Leg interpretation LINKUSDT regime_gate
Leg interpretation LINKUSDT gate_no_range
Leg interpretation LINKUSDT adaptive14
Leg interpretation LINKUSDT adaptive42
Leg interpretation LINKUSDT adaptive126
Leg interpretation LINKUSDT filtered_moe
Leg interpretation LINKUSDT kalman
Leg interpretation LINKUSDT trend_ensemble_long
Leg interpretation LINKUSDT regime_gate_long
Leg interpretation LINKUSDT expanding_tree
Leg interpretation LINKUSDT rolling_tree
Leg interpretation LINKUSDT action_tcn
Leg interpretation LINKUSDT vol_long
Leg interpretation LINKUSDT hold
Leg interpretation LTCUSDT trend24
Leg interpretation LTCUSDT trend72
Leg interpretation LTCUSDT trend168
Leg interpretation LTCUSDT trend336
Leg interpretation LTCUSDT trend_ensemble
Leg interpretation LTCUSDT breakout
Leg interpretation LTCUSDT range_only
Leg interpretation LTCUSDT down_rebound
Leg interpretation LTCUSDT selected_trend
Leg interpretation LTCUSDT selected_breakout
Leg interpretation LTCUSDT regime_gate
Leg interpretation LTCUSDT gate_no_range
Leg interpretation LTCUSDT adaptive14
Leg interpretation LTCUSDT adaptive42
Leg interpretation LTCUSDT adaptive126
Leg interpretation LTCUSDT filtered_moe
Leg interpretation LTCUSDT kalman
Leg interpretation LTCUSDT trend_ensemble_long
Leg interpretation LTCUSDT regime_gate_long
Leg interpretation LTCUSDT expanding_tree
Leg interpretation LTCUSDT rolling_tree
Leg interpretation LTCUSDT action_tcn
Leg interpretation LTCUSDT vol_long
Leg interpretation LTCUSDT hold
Leg interpretation SOLUSDT trend24
Leg interpretation SOLUSDT trend72
Leg interpretation SOLUSDT trend168
Leg interpretation SOLUSDT trend336
Leg interpretation SOLUSDT trend_ensemble
Leg interpretation SOLUSDT breakout
Leg interpretation SOLUSDT range_only
Leg interpretation SOLUSDT down_rebound
Leg interpretation SOLUSDT selected_trend
Leg interpretation SOLUSDT selected_breakout
Leg interpretation SOLUSDT regime_gate
Leg interpretation SOLUSDT gate_no_range
Leg interpretation SOLUSDT adaptive14
Leg interpretation SOLUSDT adaptive42
Leg interpretation SOLUSDT adaptive126
Leg interpretation SOLUSDT filtered_moe
Leg interpretation SOLUSDT kalman
Leg interpretation SOLUSDT trend_ensemble_long
Leg interpretation SOLUSDT regime_gate_long
Leg interpretation SOLUSDT expanding_tree
Leg interpretation SOLUSDT rolling_tree
Leg interpretation SOLUSDT action_tcn
Leg interpretation SOLUSDT vol_long
Leg interpretation SOLUSDT hold
Leg interpretation TRXUSDT trend24
Leg interpretation TRXUSDT trend72
Leg interpretation TRXUSDT trend168
Leg interpretation TRXUSDT trend336
Leg interpretation TRXUSDT trend_ensemble
Leg interpretation TRXUSDT breakout
Leg interpretation TRXUSDT range_only
Leg interpretation TRXUSDT down_rebound
Leg interpretation TRXUSDT selected_trend
Leg interpretation TRXUSDT selected_breakout
Leg interpretation TRXUSDT regime_gate
Leg interpretation TRXUSDT gate_no_range
Leg interpretation TRXUSDT adaptive14
Leg interpretation TRXUSDT adaptive42
Leg interpretation TRXUSDT adaptive126
Leg interpretation TRXUSDT filtered_moe
Leg interpretation TRXUSDT kalman
Leg interpretation TRXUSDT trend_ensemble_long
Leg interpretation TRXUSDT regime_gate_long
Leg interpretation TRXUSDT expanding_tree
Leg interpretation TRXUSDT rolling_tree
Leg interpretation TRXUSDT action_tcn
Leg interpretation TRXUSDT vol_long
Leg interpretation TRXUSDT hold
Leg interpretation XRPUSDT trend24
Leg interpretation XRPUSDT trend72
Leg interpretation XRPUSDT trend168
Leg interpretation XRPUSDT trend336
Leg interpretation XRPUSDT trend_ensemble
Leg interpretation XRPUSDT breakout
Leg interpretation XRPUSDT range_only
Leg interpretation XRPUSDT down_rebound
Leg interpretation XRPUSDT selected_trend
Leg interpretation XRPUSDT selected_breakout
Leg interpretation XRPUSDT regime_gate
Leg interpretation XRPUSDT gate_no_range
Leg interpretation XRPUSDT adaptive14
Leg interpretation XRPUSDT adaptive42
Leg interpretation XRPUSDT adaptive126
Leg interpretation XRPUSDT filtered_moe
Leg interpretation XRPUSDT kalman
Leg interpretation XRPUSDT trend_ensemble_long
Leg interpretation XRPUSDT regime_gate_long
Leg interpretation XRPUSDT expanding_tree
Leg interpretation XRPUSDT rolling_tree
Leg interpretation XRPUSDT action_tcn
Leg interpretation XRPUSDT vol_long
Leg interpretation XRPUSDT hold
