Economic / adaptive / filtered strategies ADAUSDT done
Economic / adaptive / filtered strategies AVAXUSDT done
Economic / adaptive / filtered strategies BCHUSDT done
Economic / adaptive / filtered strategies BNBUSDT done
Economic / adaptive / filtered strategies BTCUSDT done
Economic / adaptive / filtered strategies DOGEUSDT done
Economic / adaptive / filtered strategies ETHUSDT done
Economic / adaptive / filtered strategies LINKUSDT done
Economic / adaptive / filtered strategies LTCUSDT done
Economic / adaptive / filtered strategies SOLUSDT done
Economic / adaptive / filtered strategies TRXUSDT done
Economic / adaptive / filtered strategies XRPUSDT done
Pooled models 2024-01-01 done
Pooled models 2024-04-01 done
Pooled models 2024-07-01 done
Pooled models 2024-10-01 done
Pooled models 2025-01-01 done
Pooled models 2025-04-01 done
Pooled models 2025-07-01 done
Pooled models 2025-10-01 done
Pooled models 2026-01-01 done
Pooled models 2026-04-01 done
Pooled models 2026-07-01 done
Backtest ADAUSDT trend24
Backtest ADAUSDT trend72
Backtest ADAUSDT trend168
Backtest ADAUSDT trend336
Backtest ADAUSDT trend_ensemble
Backtest ADAUSDT breakout
Backtest ADAUSDT range_only
Backtest ADAUSDT down_rebound
Backtest ADAUSDT selected_trend
Backtest ADAUSDT selected_breakout
Backtest ADAUSDT regime_gate
Backtest ADAUSDT gate_no_range
Backtest ADAUSDT adaptive14
Backtest ADAUSDT adaptive42
Backtest ADAUSDT adaptive126
Backtest ADAUSDT filtered_moe
Backtest ADAUSDT kalman
Backtest ADAUSDT trend_ensemble_long
Backtest ADAUSDT regime_gate_long
Backtest ADAUSDT expanding_tree
Backtest ADAUSDT rolling_tree
Backtest ADAUSDT action_tcn
Backtest ADAUSDT vol_long
Backtest ADAUSDT hold
Backtest AVAXUSDT trend24
Backtest AVAXUSDT trend72
Backtest AVAXUSDT trend168
Backtest AVAXUSDT trend336
Backtest AVAXUSDT trend_ensemble
Backtest AVAXUSDT breakout
Backtest AVAXUSDT range_only
Backtest AVAXUSDT down_rebound
Backtest AVAXUSDT selected_trend
Backtest AVAXUSDT selected_breakout
Backtest AVAXUSDT regime_gate
Backtest AVAXUSDT gate_no_range
Backtest AVAXUSDT adaptive14
Backtest AVAXUSDT adaptive42
Backtest AVAXUSDT adaptive126
Backtest AVAXUSDT filtered_moe
Backtest AVAXUSDT kalman
Backtest AVAXUSDT trend_ensemble_long
Backtest AVAXUSDT regime_gate_long
Backtest AVAXUSDT expanding_tree
Backtest AVAXUSDT rolling_tree
Backtest AVAXUSDT action_tcn
Backtest AVAXUSDT vol_long
Backtest AVAXUSDT hold
Backtest BCHUSDT trend24
Backtest BCHUSDT trend72
Backtest BCHUSDT trend168
Backtest BCHUSDT trend336
Backtest BCHUSDT trend_ensemble
Backtest BCHUSDT breakout
Backtest BCHUSDT range_only
Backtest BCHUSDT down_rebound
Backtest BCHUSDT selected_trend
Backtest BCHUSDT selected_breakout
Backtest BCHUSDT regime_gate
Backtest BCHUSDT gate_no_range
Backtest BCHUSDT adaptive14
Backtest BCHUSDT adaptive42
Backtest BCHUSDT adaptive126
Backtest BCHUSDT filtered_moe
Backtest BCHUSDT kalman
Backtest BCHUSDT trend_ensemble_long
Backtest BCHUSDT regime_gate_long
Backtest BCHUSDT expanding_tree
Backtest BCHUSDT rolling_tree
Backtest BCHUSDT action_tcn
Backtest BCHUSDT vol_long
Backtest BCHUSDT hold
Backtest BNBUSDT trend24
Backtest BNBUSDT trend72
Backtest BNBUSDT trend168
Backtest BNBUSDT trend336
Backtest BNBUSDT trend_ensemble
Backtest BNBUSDT breakout
Backtest BNBUSDT range_only
Backtest BNBUSDT down_rebound
Backtest BNBUSDT selected_trend
Backtest BNBUSDT selected_breakout
Backtest BNBUSDT regime_gate
Backtest BNBUSDT gate_no_range
Backtest BNBUSDT adaptive14
Backtest BNBUSDT adaptive42
Backtest BNBUSDT adaptive126
Backtest BNBUSDT filtered_moe
Backtest BNBUSDT kalman
Backtest BNBUSDT trend_ensemble_long
Backtest BNBUSDT regime_gate_long
Backtest BNBUSDT expanding_tree
Backtest BNBUSDT rolling_tree
Backtest BNBUSDT action_tcn
Backtest BNBUSDT vol_long
Backtest BNBUSDT hold
Backtest BTCUSDT trend24
Backtest BTCUSDT trend72
Backtest BTCUSDT trend168
Backtest BTCUSDT trend336
Backtest BTCUSDT trend_ensemble
Backtest BTCUSDT breakout
Backtest BTCUSDT range_only
Backtest BTCUSDT down_rebound
Backtest BTCUSDT selected_trend
Backtest BTCUSDT selected_breakout
Backtest BTCUSDT regime_gate
Backtest BTCUSDT gate_no_range
Backtest BTCUSDT adaptive14
Backtest BTCUSDT adaptive42
Backtest BTCUSDT adaptive126
Backtest BTCUSDT filtered_moe
Backtest BTCUSDT kalman
Backtest BTCUSDT trend_ensemble_long
Backtest BTCUSDT regime_gate_long
Backtest BTCUSDT expanding_tree
Backtest BTCUSDT rolling_tree
Backtest BTCUSDT action_tcn
Backtest BTCUSDT vol_long
Backtest BTCUSDT hold
Backtest DOGEUSDT trend24
Backtest DOGEUSDT trend72
Backtest DOGEUSDT trend168
Backtest DOGEUSDT trend336
Backtest DOGEUSDT trend_ensemble
Backtest DOGEUSDT breakout
Backtest DOGEUSDT range_only
Backtest DOGEUSDT down_rebound
Backtest DOGEUSDT selected_trend
Backtest DOGEUSDT selected_breakout
Backtest DOGEUSDT regime_gate
Backtest DOGEUSDT gate_no_range
Backtest DOGEUSDT adaptive14
Backtest DOGEUSDT adaptive42
Backtest DOGEUSDT adaptive126
Backtest DOGEUSDT filtered_moe
Backtest DOGEUSDT kalman
Backtest DOGEUSDT trend_ensemble_long
Backtest DOGEUSDT regime_gate_long
Backtest DOGEUSDT expanding_tree
Backtest DOGEUSDT rolling_tree
Backtest DOGEUSDT action_tcn
Backtest DOGEUSDT vol_long
Backtest DOGEUSDT hold
Backtest ETHUSDT trend24
Backtest ETHUSDT trend72
Backtest ETHUSDT trend168
Backtest ETHUSDT trend336
Backtest ETHUSDT trend_ensemble
Backtest ETHUSDT breakout
Backtest ETHUSDT range_only
Backtest ETHUSDT down_rebound
Backtest ETHUSDT selected_trend
Backtest ETHUSDT selected_breakout
Backtest ETHUSDT regime_gate
Backtest ETHUSDT gate_no_range
Backtest ETHUSDT adaptive14
Backtest ETHUSDT adaptive42
Backtest ETHUSDT adaptive126
Backtest ETHUSDT filtered_moe
Backtest ETHUSDT kalman
Backtest ETHUSDT trend_ensemble_long
Backtest ETHUSDT regime_gate_long
Backtest ETHUSDT expanding_tree
Backtest ETHUSDT rolling_tree
Backtest ETHUSDT action_tcn
Backtest ETHUSDT vol_long
Backtest ETHUSDT hold
Backtest LINKUSDT trend24
Backtest LINKUSDT trend72
Backtest LINKUSDT trend168
Backtest LINKUSDT trend336
Backtest LINKUSDT trend_ensemble
Backtest LINKUSDT breakout
Backtest LINKUSDT range_only
Backtest LINKUSDT down_rebound
Backtest LINKUSDT selected_trend
Backtest LINKUSDT selected_breakout
Backtest LINKUSDT regime_gate
Backtest LINKUSDT gate_no_range
Backtest LINKUSDT adaptive14
Backtest LINKUSDT adaptive42
Backtest LINKUSDT adaptive126
Backtest LINKUSDT filtered_moe
Backtest LINKUSDT kalman
Backtest LINKUSDT trend_ensemble_long
Backtest LINKUSDT regime_gate_long
Backtest LINKUSDT expanding_tree
Backtest LINKUSDT rolling_tree
Backtest LINKUSDT action_tcn
Backtest LINKUSDT vol_long
Backtest LINKUSDT hold
Backtest LTCUSDT trend24
Backtest LTCUSDT trend72
Backtest LTCUSDT trend168
Backtest LTCUSDT trend336
Backtest LTCUSDT trend_ensemble
Backtest LTCUSDT breakout
Backtest LTCUSDT range_only
Backtest LTCUSDT down_rebound
Backtest LTCUSDT selected_trend
Backtest LTCUSDT selected_breakout
Backtest LTCUSDT regime_gate
Backtest LTCUSDT gate_no_range
Backtest LTCUSDT adaptive14
Backtest LTCUSDT adaptive42
Backtest LTCUSDT adaptive126
Backtest LTCUSDT filtered_moe
Backtest LTCUSDT kalman
Backtest LTCUSDT trend_ensemble_long
Backtest LTCUSDT regime_gate_long
Backtest LTCUSDT expanding_tree
Backtest LTCUSDT rolling_tree
Backtest LTCUSDT action_tcn
Backtest LTCUSDT vol_long
Backtest LTCUSDT hold
Backtest SOLUSDT trend24
Backtest SOLUSDT trend72
Backtest SOLUSDT trend168
Backtest SOLUSDT trend336
Backtest SOLUSDT trend_ensemble
Backtest SOLUSDT breakout
Backtest SOLUSDT range_only
Backtest SOLUSDT down_rebound
Backtest SOLUSDT selected_trend
Backtest SOLUSDT selected_breakout
Backtest SOLUSDT regime_gate
Backtest SOLUSDT gate_no_range
Backtest SOLUSDT adaptive14
Backtest SOLUSDT adaptive42
Backtest SOLUSDT adaptive126
Backtest SOLUSDT filtered_moe
Backtest SOLUSDT kalman
Backtest SOLUSDT trend_ensemble_long
Backtest SOLUSDT regime_gate_long
Backtest SOLUSDT expanding_tree
Backtest SOLUSDT rolling_tree
Backtest SOLUSDT action_tcn
Backtest SOLUSDT vol_long
Backtest SOLUSDT hold
Backtest TRXUSDT trend24
Backtest TRXUSDT trend72
Backtest TRXUSDT trend168
Backtest TRXUSDT trend336
Backtest TRXUSDT trend_ensemble
Backtest TRXUSDT breakout
Backtest TRXUSDT range_only
Backtest TRXUSDT down_rebound
Backtest TRXUSDT selected_trend
Backtest TRXUSDT selected_breakout
Backtest TRXUSDT regime_gate
Backtest TRXUSDT gate_no_range
Backtest TRXUSDT adaptive14
Backtest TRXUSDT adaptive42
Backtest TRXUSDT adaptive126
Backtest TRXUSDT filtered_moe
Backtest TRXUSDT kalman
Backtest TRXUSDT trend_ensemble_long
Backtest TRXUSDT regime_gate_long
Backtest TRXUSDT expanding_tree
Backtest TRXUSDT rolling_tree
Backtest TRXUSDT action_tcn
Backtest TRXUSDT vol_long
Backtest TRXUSDT hold
Backtest XRPUSDT trend24
Backtest XRPUSDT trend72
Backtest XRPUSDT trend168
Backtest XRPUSDT trend336
Backtest XRPUSDT trend_ensemble
Backtest XRPUSDT breakout
Backtest XRPUSDT range_only
Backtest XRPUSDT down_rebound
Backtest XRPUSDT selected_trend
Backtest XRPUSDT selected_breakout
Backtest XRPUSDT regime_gate
Backtest XRPUSDT gate_no_range
Backtest XRPUSDT adaptive14
Backtest XRPUSDT adaptive42
Backtest XRPUSDT adaptive126
Backtest XRPUSDT filtered_moe
Backtest XRPUSDT kalman
Backtest XRPUSDT trend_ensemble_long
Backtest XRPUSDT regime_gate_long
Backtest XRPUSDT expanding_tree
Backtest XRPUSDT rolling_tree
Backtest XRPUSDT action_tcn
Backtest XRPUSDT vol_long
Backtest XRPUSDT hold
FINISHED 1235.4s; maturity=True
